
> healy-academy@0.1.0 build
> tsc -b && vite build

[36mvite v5.4.21 [32mbuilding for production...[36m[39m
transforming...
[32mΓ£ô[39m 3133 modules transformed.
npm : 
src/pages/Calculator.tsx 
(73:27): Use of eval in 
"src/pages/Calculator.tsx" is 
strongly discouraged as it 
poses security risks and may 
cause issues with 
minification.
At line:1 char:1
+ npm run build > 
build_output.txt 2>&1
+ ~~~~~~~~~~~~~~~~~~~~~~~~~~~~
~~~~~~~~~
    + CategoryInfo          : 
    NotSpecified: (src/pages  
  /Calcu...h minification.:   
 String) [], RemoteExcepti    
on
    + FullyQualifiedErrorId : 
    NativeCommandError
 
rendering chunks...
computing gzip size...
[2mdist/[22m[32mindex.html                                      [39m[1m[2m    3.76 kB[22m[1m[22m[2m Γöé gzip:   1.31 kB[22m
[2mdist/[22m[35massets/AITraining-Dzedeowb.css                  [39m[1m[2m    2.46 kB[22m[1m[22m[2m Γöé gzip:   0.93 kB[22m
[2mdist/[22m[35massets/index-BOebP0X7.css                       [39m[1m[2m  295.11 kB[22m[1m[22m[2m Γöé gzip:  34.01 kB[22m
[2mdist/[22m[36massets/subMonths-GvFGcdU-.js                    [39m[1m[2m    0.27 kB[22m[1m[22m[2m Γöé gzip:   0.20 kB[22m
[2mdist/[22m[36massets/startOfMonth-CzyUjLrJ.js                 [39m[1m[2m    0.29 kB[22m[1m[22m[2m Γöé gzip:   0.21 kB[22m
[2mdist/[22m[36massets/chevron-down-BuIjojnw.js                 [39m[1m[2m    0.30 kB[22m[1m[22m[2m Γöé gzip:   0.25 kB[22m
[2mdist/[22m[36massets/chevron-left-CWwhRMEX.js                 [39m[1m[2m    0.30 kB[22m[1m[22m[2m Γöé gzip:   0.25 kB[22m
[2mdist/[22m[36massets/chevron-right-CcIPBtwz.js                [39m[1m[2m    0.30 kB[22m[1m[22m[2m Γöé gzip:   0.25 kB[22m
[2mdist/[22m[36massets/addMonths-DufcC0l5.js                    [39m[1m[2m    0.31 kB[22m[1m[22m[2m Γöé gzip:   0.23 kB[22m
[2mdist/[22m[36massets/plus-C7k61F0U.js                         [39m[1m[2m    0.33 kB[22m[1m[22m[2m Γöé gzip:   0.25 kB[22m
[2mdist/[22m[36massets/x-BYqhrYs4.js                            [39m[1m[2m    0.33 kB[22m[1m[22m[2m Γöé gzip:   0.26 kB[22m
[2mdist/[22m[36massets/clock-DiOUOi_r.js                        [39m[1m[2m    0.34 kB[22m[1m[22m[2m Γöé gzip:   0.27 kB[22m
[2mdist/[22m[36massets/arrow-right-BFCmNiYt.js                  [39m[1m[2m    0.34 kB[22m[1m[22m[2m Γöé gzip:   0.27 kB[22m
[2mdist/[22m[36massets/arrow-left-CfXbfxfZ.js                   [39m[1m[2m    0.34 kB[22m[1m[22m[2m Γöé gzip:   0.27 kB[22m
[2mdist/[22m[36massets/arrow-up-right-CjTSAo9c.js               [39m[1m[2m    0.34 kB[22m[1m[22m[2m Γöé gzip:   0.27 kB[22m
[2mdist/[22m[36massets/search-CX-qhl9J.js                       [39m[1m[2m    0.34 kB[22m[1m[22m[2m Γöé gzip:   0.27 kB[22m
[2mdist/[22m[36massets/circle-check-C_k4bKdK.js                 [39m[1m[2m    0.35 kB[22m[1m[22m[2m Γöé gzip:   0.27 kB[22m
[2mdist/[22m[36massets/trending-up-B8NL6OTw.js                  [39m[1m[2m    0.35 kB[22m[1m[22m[2m Γöé gzip:   0.28 kB[22m
[2mdist/[22m[36massets/circle-check-big-CllPPTtN.js             [39m[1m[2m    0.36 kB[22m[1m[22m[2m Γöé gzip:   0.28 kB[22m
[2mdist/[22m[36massets/user-xu9BZ_PW.js                         [39m[1m[2m    0.36 kB[22m[1m[22m[2m Γöé gzip:   0.29 kB[22m
[2mdist/[22m[36massets/rotate-ccw-CIEF-Fak.js                   [39m[1m[2m    0.37 kB[22m[1m[22m[2m Γöé gzip:   0.29 kB[22m
[2mdist/[22m[36massets/lock-BqKxdeuo.js                         [39m[1m[2m    0.37 kB[22m[1m[22m[2m Γöé gzip:   0.30 kB[22m
[2mdist/[22m[36massets/circle-x-BGDQPjSm.js                     [39m[1m[2m    0.38 kB[22m[1m[22m[2m Γöé gzip:   0.28 kB[22m
[2mdist/[22m[36massets/differenceInYears-Bh1jcc8K.js            [39m[1m[2m    0.39 kB[22m[1m[22m[2m Γöé gzip:   0.25 kB[22m
[2mdist/[22m[36massets/log-out-BH2jdppP.js                      [39m[1m[2m    0.40 kB[22m[1m[22m[2m Γöé gzip:   0.29 kB[22m
[2mdist/[22m[36massets/ellipsis-vertical-Dfek8tGb.js            [39m[1m[2m    0.40 kB[22m[1m[22m[2m Γöé gzip:   0.28 kB[22m
[2mdist/[22m[36massets/mic-Dapjl5cN.js                          [39m[1m[2m    0.40 kB[22m[1m[22m[2m Γöé gzip:   0.31 kB[22m
[2mdist/[22m[36massets/message-square-DQe5HgyE.js               [39m[1m[2m    0.41 kB[22m[1m[22m[2m Γöé gzip:   0.31 kB[22m
[2mdist/[22m[36massets/activity-5ED7S8Hb.js                     [39m[1m[2m    0.41 kB[22m[1m[22m[2m Γöé gzip:   0.31 kB[22m
[2mdist/[22m[36massets/pen-CjrleFRQ.js                          [39m[1m[2m    0.41 kB[22m[1m[22m[2m Γöé gzip:   0.31 kB[22m
[2mdist/[22m[36massets/globe-BgaxWbWT.js                        [39m[1m[2m    0.41 kB[22m[1m[22m[2m Γöé gzip:   0.30 kB[22m
[2mdist/[22m[36massets/history-8iWDxdQo.js                      [39m[1m[2m    0.41 kB[22m[1m[22m[2m Γöé gzip:   0.30 kB[22m
[2mdist/[22m[36massets/video-DZyRZdg4.js                        [39m[1m[2m    0.42 kB[22m[1m[22m[2m Γöé gzip:   0.32 kB[22m
[2mdist/[22m[36massets/circle-alert-BYKUDjYn.js                 [39m[1m[2m    0.42 kB[22m[1m[22m[2m Γöé gzip:   0.30 kB[22m
[2mdist/[22m[36massets/eye-BUWj7mRj.js                          [39m[1m[2m    0.42 kB[22m[1m[22m[2m Γöé gzip:   0.30 kB[22m
[2mdist/[22m[36massets/calendar-BIAHIdXE.js                     [39m[1m[2m    0.43 kB[22m[1m[22m[2m Γöé gzip:   0.31 kB[22m
[2mdist/[22m[36massets/endOfWeek-CXMFkOql.js                    [39m[1m[2m    0.43 kB[22m[1m[22m[2m Γöé gzip:   0.27 kB[22m
[2mdist/[22m[36massets/triangle-alert-COBzWNlv.js               [39m[1m[2m    0.44 kB[22m[1m[22m[2m Γöé gzip:   0.32 kB[22m
[2mdist/[22m[36massets/eachDayOfInterval-CKY5p-cE.js            [39m[1m[2m    0.45 kB[22m[1m[22m[2m Γöé gzip:   0.29 kB[22m
[2mdist/[22m[36massets/pencil-fdJGaHXE.js                       [39m[1m[2m    0.45 kB[22m[1m[22m[2m Γöé gzip:   0.33 kB[22m
[2mdist/[22m[36massets/wallet-B8ZZlvQb.js                       [39m[1m[2m    0.46 kB[22m[1m[22m[2m Γöé gzip:   0.31 kB[22m
[2mdist/[22m[36massets/send-CgJuvvAD.js                         [39m[1m[2m    0.46 kB[22m[1m[22m[2m Γöé gzip:   0.34 kB[22m
[2mdist/[22m[36massets/clipboard-check--BS8-kug.js              [39m[1m[2m    0.47 kB[22m[1m[22m[2m Γöé gzip:   0.34 kB[22m
[2mdist/[22m[36massets/users-D_l3bAIO.js                        [39m[1m[2m    0.48 kB[22m[1m[22m[2m Γöé gzip:   0.33 kB[22m
[2mdist/[22m[36massets/user-plus-C1paHATK.js                    [39m[1m[2m    0.48 kB[22m[1m[22m[2m Γöé gzip:   0.34 kB[22m
[2mdist/[22m[36massets/square-pen-QqoevRdU.js                   [39m[1m[2m    0.49 kB[22m[1m[22m[2m Γöé gzip:   0.34 kB[22m
[2mdist/[22m[36massets/refresh-cw-B6FAzCYv.js                   [39m[1m[2m    0.49 kB[22m[1m[22m[2m Γöé gzip:   0.33 kB[22m
[2mdist/[22m[36massets/phone-D7R1VCDi.js                        [39m[1m[2m    0.50 kB[22m[1m[22m[2m Γöé gzip:   0.33 kB[22m
[2mdist/[22m[36massets/save-DCNbiHDd.js                         [39m[1m[2m    0.50 kB[22m[1m[22m[2m Γöé gzip:   0.33 kB[22m
[2mdist/[22m[36massets/scale-CRuaXtgJ.js                        [39m[1m[2m    0.51 kB[22m[1m[22m[2m Γöé gzip:   0.32 kB[22m
[2mdist/[22m[36massets/layout-dashboard-YiI51EYp.js             [39m[1m[2m    0.52 kB[22m[1m[22m[2m Γöé gzip:   0.31 kB[22m
[2mdist/[22m[36massets/medal-ALLO1JAJ.js                        [39m[1m[2m    0.61 kB[22m[1m[22m[2m Γöé gzip:   0.39 kB[22m
[2mdist/[22m[36massets/calendar-days-dxV_HdPB.js                [39m[1m[2m    0.67 kB[22m[1m[22m[2m Γöé gzip:   0.37 kB[22m
[2mdist/[22m[36massets/sparkles-_JBEunQ5.js                     [39m[1m[2m    0.67 kB[22m[1m[22m[2m Γöé gzip:   0.39 kB[22m
[2mdist/[22m[36massets/dumbbell-DcvyuzLv.js                     [39m[1m[2m    0.73 kB[22m[1m[22m[2m Γöé gzip:   0.40 kB[22m
[2mdist/[22m[36massets/trash-2-ieCXKG9d.js                      [39m[1m[2m    0.75 kB[22m[1m[22m[2m Γöé gzip:   0.36 kB[22m
[2mdist/[22m[36massets/web-C3mBsQa5.js                          [39m[1m[2m    0.76 kB[22m[1m[22m[2m Γöé gzip:   0.36 kB[22m
[2mdist/[22m[36massets/upload-CsQ-qDGH.js                       [39m[1m[2m    0.86 kB[22m[1m[22m[2m Γöé gzip:   0.44 kB[22m
[2mdist/[22m[36massets/PremiumCheckbox-DxvwdYJb.js              [39m[1m[2m    0.90 kB[22m[1m[22m[2m Γöé gzip:   0.49 kB[22m
[2mdist/[22m[36massets/ImageLightbox-BvIpLHZp.js                [39m[1m[2m    0.90 kB[22m[1m[22m[2m Γöé gzip:   0.52 kB[22m
[2mdist/[22m[36massets/square-check-big-CcwmnOah.js             [39m[1m[2m    1.01 kB[22m[1m[22m[2m Γöé gzip:   0.45 kB[22m
[2mdist/[22m[36massets/EpicLogin-xkfgUlnJ.js                    [39m[1m[2m    1.24 kB[22m[1m[22m[2m Γöé gzip:   0.74 kB[22m
[2mdist/[22m[36massets/phoneUtils-CRv3NmJ_.js                   [39m[1m[2m    1.34 kB[22m[1m[22m[2m Γöé gzip:   0.62 kB[22m
[2mdist/[22m[36massets/PremiumClock-BNEM7jj1.js                 [39m[1m[2m    1.77 kB[22m[1m[22m[2m Γöé gzip:   0.72 kB[22m
[2mdist/[22m[36massets/parseISO-DWTmKwIQ.js                     [39m[1m[2m    2.70 kB[22m[1m[22m[2m Γöé gzip:   1.22 kB[22m
[2mdist/[22m[36massets/ConfirmModal-BjGYVjKb.js                 [39m[1m[2m    2.82 kB[22m[1m[22m[2m Γöé gzip:   1.06 kB[22m
[2mdist/[22m[36massets/PremiumSelect-D0WUs1VM.js                [39m[1m[2m    3.02 kB[22m[1m[22m[2m Γöé gzip:   1.39 kB[22m
[2mdist/[22m[36massets/ModernSelect-L0nMh1rM.js                 [39m[1m[2m    3.21 kB[22m[1m[22m[2m Γöé gzip:   1.45 kB[22m
[2mdist/[22m[36massets/GroupsList-COhsbZQV.js                   [39m[1m[2m    4.74 kB[22m[1m[22m[2m Γöé gzip:   1.96 kB[22m
[2mdist/[22m[36massets/StudentDetails-DltBFtTy.js               [39m[1m[2m    6.44 kB[22m[1m[22m[2m Γöé gzip:   1.99 kB[22m
[2mdist/[22m[36massets/AdminCameras-B1n4IiL4.js                 [39m[1m[2m    6.49 kB[22m[1m[22m[2m Γöé gzip:   2.09 kB[22m
[2mdist/[22m[36massets/CoachDetails-ocFVJnwI.js                 [39m[1m[2m    6.62 kB[22m[1m[22m[2m Γöé gzip:   2.12 kB[22m
[2mdist/[22m[36massets/Register-C64XbxHa.js                     [39m[1m[2m    7.97 kB[22m[1m[22m[2m Γöé gzip:   2.50 kB[22m
[2mdist/[22m[36massets/SkillsManagerModal-DCa5Gyfj.js           [39m[1m[2m    8.49 kB[22m[1m[22m[2m Γöé gzip:   2.79 kB[22m
[2mdist/[22m[36massets/LoginRenderer-BkUQGcyY.js                [39m[1m[2m    9.81 kB[22m[1m[22m[2m Γöé gzip:   2.88 kB[22m
[2mdist/[22m[36massets/PTAttendance-CEGfcLLb.js                 [39m[1m[2m   11.61 kB[22m[1m[22m[2m Γöé gzip:   3.61 kB[22m
[2mdist/[22m[36massets/PremiumCalendarModal-BCtHepqP.js         [39m[1m[2m   12.43 kB[22m[1m[22m[2m Γöé gzip:   3.67 kB[22m
[2mdist/[22m[36massets/MonthlyReportModal-BDsgNRtd.js           [39m[1m[2m   14.19 kB[22m[1m[22m[2m Γöé gzip:   4.25 kB[22m
[2mdist/[22m[36massets/LandingPage-C8RjuVoz.js                  [39m[1m[2m   14.76 kB[22m[1m[22m[2m Γöé gzip:   4.60 kB[22m
[2mdist/[22m[36massets/Calculator-B8u6R3bl.js                   [39m[1m[2m   14.93 kB[22m[1m[22m[2m Γöé gzip:   3.32 kB[22m
[2mdist/[22m[36massets/AITraining-Cddne4rJ.js                   [39m[1m[2m   15.23 kB[22m[1m[22m[2m Γöé gzip:   5.50 kB[22m
[2mdist/[22m[36massets/GroupFormModal-al7i5zKO.js               [39m[1m[2m   19.02 kB[22m[1m[22m[2m Γöé gzip:   5.09 kB[22m
[2mdist/[22m[36massets/StaffAttendance-CnLvkPPm.js              [39m[1m[2m   19.60 kB[22m[1m[22m[2m Γöé gzip:   5.35 kB[22m
[2mdist/[22m[36massets/PersonalDashboard-TM5DaE8u.js            [39m[1m[2m   20.31 kB[22m[1m[22m[2m Γöé gzip:   5.52 kB[22m
[2mdist/[22m[36massets/useData-Do4mP-HL.js                      [39m[1m[2m   20.46 kB[22m[1m[22m[2m Γöé gzip:   6.55 kB[22m
[2mdist/[22m[36massets/format-Bc_yxSUb.js                       [39m[1m[2m   20.87 kB[22m[1m[22m[2m Γöé gzip:   5.91 kB[22m
[2mdist/[22m[36massets/Evaluations-DZS92Ond.js                  [39m[1m[2m   21.55 kB[22m[1m[22m[2m Γöé gzip:   5.84 kB[22m
[2mdist/[22m[36massets/purify.es-C_uT9hQ1.js                    [39m[1m[2m   21.98 kB[22m[1m[22m[2m Γöé gzip:   8.74 kB[22m
[2mdist/[22m[36massets/PublicRegistration-DmlAcRdP.js           [39m[1m[2m   26.38 kB[22m[1m[22m[2m Γöé gzip:   6.99 kB[22m
[2mdist/[22m[36massets/StudentAttendance-BJs2MHiP.js            [39m[1m[2m   28.42 kB[22m[1m[22m[2m Γöé gzip:   7.82 kB[22m
[2mdist/[22m[36massets/AddPTSubscriptionForm-B0KWmtm2.js        [39m[1m[2m   38.07 kB[22m[1m[22m[2m Γöé gzip:   7.96 kB[22m
[2mdist/[22m[36massets/Schedule-8-XnNKV1.js                     [39m[1m[2m   39.35 kB[22m[1m[22m[2m Γöé gzip:  10.86 kB[22m
[2mdist/[22m[36massets/DashboardLayout-C3G42TNV.js              [39m[1m[2m   42.19 kB[22m[1m[22m[2m Γöé gzip:  11.84 kB[22m
[2mdist/[22m[36massets/pose-MoQ6P97h.js                         [39m[1m[2m   46.82 kB[22m[1m[22m[2m Γöé gzip:  17.49 kB[22m
[2mdist/[22m[36massets/Coaches-DREuv7Wy.js                      [39m[1m[2m   48.76 kB[22m[1m[22m[2m Γöé gzip:  10.35 kB[22m
[2mdist/[22m[36massets/Finance-DevRcTYJ.js                      [39m[1m[2m   84.81 kB[22m[1m[22m[2m Γöé gzip:  13.71 kB[22m
[2mdist/[22m[36massets/Dashboard-D5Uq_WTW.js                    [39m[1m[2m  122.77 kB[22m[1m[22m[2m Γöé gzip:  26.01 kB[22m
[2mdist/[22m[36massets/index.es-CCG6kuSI.js                     [39m[1m[2m  151.09 kB[22m[1m[22m[2m Γöé gzip:  51.77 kB[22m
[2mdist/[22m[36massets/Settings-BUsFvUqB.js                     [39m[1m[2m  169.34 kB[22m[1m[22m[2m Γöé gzip:  36.50 kB[22m
[2mdist/[22m[36massets/html2canvas.esm-CBrSDip1.js              [39m[1m[2m  201.42 kB[22m[1m[22m[2m Γöé gzip:  48.03 kB[22m
[2mdist/[22m[36massets/Students-BaThfQfX.js                     [39m[1m[2m  241.17 kB[22m[1m[22m[2m Γöé gzip:  67.25 kB[22m
[2mdist/[22m[36massets/BatchAssessmentDetailsModal-CKSymNPt.js  [39m[1m[2m  410.19 kB[22m[1m[22m[2m Γöé gzip: 134.21 kB[22m
[2mdist/[22m[36massets/index-CBqfTZH5.js                        [39m[1m[33m  508.02 kB[39m[22m[2m Γöé gzip: 156.84 kB[22m
[2mdist/[22m[36massets/Communications-CjhwLc_X.js               [39m[1m[33m1,502.57 kB[39m[22m[2m Γöé gzip: 411.48 kB[22m
[33m
(!) Some chunks are larger 
than 500 kB after 
minification. Consider:
- Using dynamic import() to 
code-split the application
- Use build.rollupOptions.outp
ut.manualChunks to improve 
chunking: https://rollupjs.org
/configuration-options/#output
-manualchunks
- Adjust chunk size limit for 
this warning via build.chunkSi
zeWarningLimit.[39m
[32mΓ£ô built in 31.68s[39m
