src/pages/settings/SettingsContainer.tsx(1817,25): error TS1005: ')' expected.
src/pages/settings/SettingsContainer.tsx(1818,18): error TS1381: Unexpected token. Did you mean `{'}'}` or `&rbrace;`?
src/pages/settings/SettingsContainer.tsx(2002,9): error TS1005: ')' expected.
src/pages/settings/SettingsContainer.tsx(2003,13): error TS1109: Expression expected.
