src/components/AddStudentForm.tsx(5,45): error TS2307: Cannot find module 'date-fns' or its corresponding type declarations.
src/pages/Dashboard.tsx(4,24): error TS2307: Cannot find module 'date-fns' or its corresponding type declarations.
src/pages/Finance.tsx(5,24): error TS2307: Cannot find module 'date-fns' or its corresponding type declarations.
src/pages/Schedule.tsx(5,124): error TS2307: Cannot find module 'date-fns' or its corresponding type declarations.
src/pages/Students.tsx(4,34): error TS2307: Cannot find module 'date-fns' or its corresponding type declarations.
